// Jest Snapshot v1, https://goo.gl/fbAQLP

exports[`LoadingDots has correct markup 1`] = `<span class="loading-dots"><span>.</span><span>.</span><span>.</span></span>`;
