// Jest Snapshot v1, https://goo.gl/fbAQLP

exports[`WeatherInfo has correct markup 1`] = `
<div>
  <h1>
    <loadingdots-stub></loadingdots-stub>
  </h1>
</div>
`;
