// Jest Snapshot v1, https://goo.gl/fbAQLP

exports[`WhenSelect has correct markup 1`] = `undefined`;
